Archive member included because of file (symbol)

c:/program files (x86)/atmel/avr studio 5.0/avr toolchain/bin/../lib/gcc/avr/4.5.1/avr5\libgcc.a(_exit.o)
                              c:/program files (x86)/atmel/avr studio 5.0/avr toolchain/bin/../lib/gcc/avr/4.5.1/../../../../avr/lib/avr5/crtm32.o (exit)
c:/program files (x86)/atmel/avr studio 5.0/avr toolchain/bin/../lib/gcc/avr/4.5.1/avr5\libgcc.a(_copy_data.o)
                              main.o (__do_copy_data)

Memory Configuration

Name             Origin             Length             Attributes
text             0x00000000         0x00020000         xr
data             0x00800060         0x0000ffa0         rw !x
eeprom           0x00810000         0x00010000         rw !x
fuse             0x00820000         0x00000400         rw !x
lock             0x00830000         0x00000400         rw !x
signature        0x00840000         0x00000400         rw !x
*default*        0x00000000         0xffffffff

Linker script and memory map

LOAD c:/program files (x86)/atmel/avr studio 5.0/avr toolchain/bin/../lib/gcc/avr/4.5.1/../../../../avr/lib/avr5/crtm32.o
LOAD main.o
LOAD uart.o
LOAD c:/program files (x86)/atmel/avr studio 5.0/avr toolchain/bin/../lib/gcc/avr/4.5.1/avr5\libgcc.a
LOAD c:/program files (x86)/atmel/avr studio 5.0/avr toolchain/bin/../lib/gcc/avr/4.5.1/../../../../avr/lib/avr5\libc.a
LOAD c:/program files (x86)/atmel/avr studio 5.0/avr toolchain/bin/../lib/gcc/avr/4.5.1/avr5\libgcc.a

.hash
 *(.hash)

.dynsym
 *(.dynsym)

.dynstr
 *(.dynstr)

.gnu.version
 *(.gnu.version)

.gnu.version_d
 *(.gnu.version_d)

.gnu.version_r
 *(.gnu.version_r)

.rel.init
 *(.rel.init)

.rela.init
 *(.rela.init)

.rel.text
 *(.rel.text)
 *(.rel.text.*)
 *(.rel.gnu.linkonce.t*)

.rela.text
 *(.rela.text)
 *(.rela.text.*)
 *(.rela.gnu.linkonce.t*)

.rel.fini
 *(.rel.fini)

.rela.fini
 *(.rela.fini)

.rel.rodata
 *(.rel.rodata)
 *(.rel.rodata.*)
 *(.rel.gnu.linkonce.r*)

.rela.rodata
 *(.rela.rodata)
 *(.rela.rodata.*)
 *(.rela.gnu.linkonce.r*)

.rel.data
 *(.rel.data)
 *(.rel.data.*)
 *(.rel.gnu.linkonce.d*)

.rela.data
 *(.rela.data)
 *(.rela.data.*)
 *(.rela.gnu.linkonce.d*)

.rel.ctors
 *(.rel.ctors)

.rela.ctors
 *(.rela.ctors)

.rel.dtors
 *(.rel.dtors)

.rela.dtors
 *(.rela.dtors)

.rel.got
 *(.rel.got)

.rela.got
 *(.rela.got)

.rel.bss
 *(.rel.bss)

.rela.bss
 *(.rela.bss)

.rel.plt
 *(.rel.plt)

.rela.plt
 *(.rela.plt)

.text           0x00000000      0x1a6
 *(.vectors)
 .vectors       0x00000000       0x54 c:/program files (x86)/atmel/avr studio 5.0/avr toolchain/bin/../lib/gcc/avr/4.5.1/../../../../avr/lib/avr5/crtm32.o
                0x00000000                __vector_default
                0x00000000                __vectors
 *(.vectors)
 *(.progmem.gcc*)
 *(.progmem*)
                0x00000054                . = ALIGN (0x2)
                0x00000054                __trampolines_start = .
 *(.trampolines)
 .trampolines   0x00000054        0x0 linker stubs
 *(.trampolines*)
                0x00000054                __trampolines_end = .
 *(.jumptables)
 *(.jumptables*)
 *(.lowtext)
 *(.lowtext*)
                0x00000054                __ctors_start = .
 *(.ctors)
                0x00000054                __ctors_end = .
                0x00000054                __dtors_start = .
 *(.dtors)
                0x00000054                __dtors_end = .
 SORT(*)(.ctors)
 SORT(*)(.dtors)
 *(.init0)
 .init0         0x00000054        0x0 c:/program files (x86)/atmel/avr studio 5.0/avr toolchain/bin/../lib/gcc/avr/4.5.1/../../../../avr/lib/avr5/crtm32.o
                0x00000054                __init
 *(.init0)
 *(.init1)
 *(.init1)
 *(.init2)
 .init2         0x00000054        0xc c:/program files (x86)/atmel/avr studio 5.0/avr toolchain/bin/../lib/gcc/avr/4.5.1/../../../../avr/lib/avr5/crtm32.o
 *(.init2)
 *(.init3)
 *(.init3)
 *(.init4)
 .init4         0x00000060       0x16 c:/program files (x86)/atmel/avr studio 5.0/avr toolchain/bin/../lib/gcc/avr/4.5.1/avr5\libgcc.a(_copy_data.o)
                0x00000060                __do_copy_data
 *(.init4)
 *(.init5)
 *(.init5)
 *(.init6)
 *(.init6)
 *(.init7)
 *(.init7)
 *(.init8)
 *(.init8)
 *(.init9)
 .init9         0x00000076        0x8 c:/program files (x86)/atmel/avr studio 5.0/avr toolchain/bin/../lib/gcc/avr/4.5.1/../../../../avr/lib/avr5/crtm32.o
 *(.init9)
 *(.text)
 .text          0x0000007e        0x4 c:/program files (x86)/atmel/avr studio 5.0/avr toolchain/bin/../lib/gcc/avr/4.5.1/../../../../avr/lib/avr5/crtm32.o
                0x0000007e                __vector_1
                0x0000007e                __vector_12
                0x0000007e                __bad_interrupt
                0x0000007e                __vector_6
                0x0000007e                __vector_3
                0x0000007e                __vector_11
                0x0000007e                __vector_13
                0x0000007e                __vector_17
                0x0000007e                __vector_19
                0x0000007e                __vector_7
                0x0000007e                __vector_5
                0x0000007e                __vector_4
                0x0000007e                __vector_9
                0x0000007e                __vector_2
                0x0000007e                __vector_15
                0x0000007e                __vector_8
                0x0000007e                __vector_14
                0x0000007e                __vector_10
                0x0000007e                __vector_16
                0x0000007e                __vector_18
                0x0000007e                __vector_20
 .text          0x00000082       0x24 main.o
                0x00000082                main
 .text          0x000000a6       0xfc uart.o
                0x000000a6                uart_initialize
                0x000000f0                write_uart
                0x0000013a                read_uart
                0x00000166                write_uart_strg
 .text          0x000001a2        0x0 c:/program files (x86)/atmel/avr studio 5.0/avr toolchain/bin/../lib/gcc/avr/4.5.1/avr5\libgcc.a(_exit.o)
 .text          0x000001a2        0x0 c:/program files (x86)/atmel/avr studio 5.0/avr toolchain/bin/../lib/gcc/avr/4.5.1/avr5\libgcc.a(_copy_data.o)
                0x000001a2                . = ALIGN (0x2)
 *(.text.*)
 .text.libgcc   0x000001a2        0x0 c:/program files (x86)/atmel/avr studio 5.0/avr toolchain/bin/../lib/gcc/avr/4.5.1/avr5\libgcc.a(_exit.o)
 .text.libgcc   0x000001a2        0x0 c:/program files (x86)/atmel/avr studio 5.0/avr toolchain/bin/../lib/gcc/avr/4.5.1/avr5\libgcc.a(_copy_data.o)
                0x000001a2                . = ALIGN (0x2)
 *(.fini9)
 .fini9         0x000001a2        0x0 c:/program files (x86)/atmel/avr studio 5.0/avr toolchain/bin/../lib/gcc/avr/4.5.1/avr5\libgcc.a(_exit.o)
                0x000001a2                _exit
                0x000001a2                exit
 *(.fini9)
 *(.fini8)
 *(.fini8)
 *(.fini7)
 *(.fini7)
 *(.fini6)
 *(.fini6)
 *(.fini5)
 *(.fini5)
 *(.fini4)
 *(.fini4)
 *(.fini3)
 *(.fini3)
 *(.fini2)
 *(.fini2)
 *(.fini1)
 *(.fini1)
 *(.fini0)
 .fini0         0x000001a2        0x4 c:/program files (x86)/atmel/avr studio 5.0/avr toolchain/bin/../lib/gcc/avr/4.5.1/avr5\libgcc.a(_exit.o)
 *(.fini0)
                0x000001a6                _etext = .

.data           0x00800060       0x16 load address 0x000001a6
                0x00800060                PROVIDE (__data_start, .)
 *(.data)
 .data          0x00800060        0x0 c:/program files (x86)/atmel/avr studio 5.0/avr toolchain/bin/../lib/gcc/avr/4.5.1/../../../../avr/lib/avr5/crtm32.o
 .data          0x00800060       0x16 main.o
 .data          0x00800076        0x0 uart.o
 .data          0x00800076        0x0 c:/program files (x86)/atmel/avr studio 5.0/avr toolchain/bin/../lib/gcc/avr/4.5.1/avr5\libgcc.a(_exit.o)
 .data          0x00800076        0x0 c:/program files (x86)/atmel/avr studio 5.0/avr toolchain/bin/../lib/gcc/avr/4.5.1/avr5\libgcc.a(_copy_data.o)
 *(.data*)
 *(.rodata)
 *(.rodata*)
 *(.gnu.linkonce.d*)
                0x00800076                . = ALIGN (0x2)
                0x00800076                _edata = .
                0x00800076                PROVIDE (__data_end, .)

.bss            0x00800076        0x0
                0x00800076                PROVIDE (__bss_start, .)
 *(.bss)
 .bss           0x00800076        0x0 c:/program files (x86)/atmel/avr studio 5.0/avr toolchain/bin/../lib/gcc/avr/4.5.1/../../../../avr/lib/avr5/crtm32.o
 .bss           0x00800076        0x0 main.o
 .bss           0x00800076        0x0 uart.o
 .bss           0x00800076        0x0 c:/program files (x86)/atmel/avr studio 5.0/avr toolchain/bin/../lib/gcc/avr/4.5.1/avr5\libgcc.a(_exit.o)
 .bss           0x00800076        0x0 c:/program files (x86)/atmel/avr studio 5.0/avr toolchain/bin/../lib/gcc/avr/4.5.1/avr5\libgcc.a(_copy_data.o)
 *(.bss*)
 *(COMMON)
                0x00800076                PROVIDE (__bss_end, .)
                0x000001a6                __data_load_start = LOADADDR (.data)
                0x000001bc                __data_load_end = (__data_load_start + SIZEOF (.data))

.noinit         0x00800076        0x0
                0x00800076                PROVIDE (__noinit_start, .)
 *(.noinit*)
                0x00800076                PROVIDE (__noinit_end, .)
                0x00800076                _end = .
                0x00800076                PROVIDE (__heap_start, .)

.eeprom         0x00810000        0x0
 *(.eeprom*)
                0x00810000                __eeprom_end = .

.fuse
 *(.fuse)
 *(.lfuse)
 *(.hfuse)
 *(.efuse)

.lock
 *(.lock*)

.signature
 *(.signature*)

.stab           0x00000000      0x6cc
 *(.stab)
 .stab          0x00000000      0x6cc c:/program files (x86)/atmel/avr studio 5.0/avr toolchain/bin/../lib/gcc/avr/4.5.1/../../../../avr/lib/avr5/crtm32.o

.stabstr        0x00000000       0x85
 *(.stabstr)
 .stabstr       0x00000000       0x85 c:/program files (x86)/atmel/avr studio 5.0/avr toolchain/bin/../lib/gcc/avr/4.5.1/../../../../avr/lib/avr5/crtm32.o

.stab.excl
 *(.stab.excl)

.stab.exclstr
 *(.stab.exclstr)

.stab.index
 *(.stab.index)

.stab.indexstr
 *(.stab.indexstr)

.comment
 *(.comment)

.debug
 *(.debug)

.line
 *(.line)

.debug_srcinfo
 *(.debug_srcinfo)

.debug_sfnames
 *(.debug_sfnames)

.debug_aranges  0x00000000       0x40
 *(.debug_aranges)
 .debug_aranges
                0x00000000       0x20 main.o
 .debug_aranges
                0x00000020       0x20 uart.o

.debug_pubnames
                0x00000000       0x72
 *(.debug_pubnames)
 .debug_pubnames
                0x00000000       0x1b main.o
 .debug_pubnames
                0x0000001b       0x57 uart.o

.debug_info     0x00000000      0x19e
 *(.debug_info)
 .debug_info    0x00000000       0x86 main.o
 .debug_info    0x00000086      0x118 uart.o
 *(.gnu.linkonce.wi.*)

.debug_abbrev   0x00000000      0x100
 *(.debug_abbrev)
 .debug_abbrev  0x00000000       0x50 main.o
 .debug_abbrev  0x00000050       0xb0 uart.o

.debug_line     0x00000000      0x211
 *(.debug_line)
 .debug_line    0x00000000       0x7d main.o
 .debug_line    0x0000007d      0x194 uart.o

.debug_frame    0x00000000       0x70
 *(.debug_frame)
 .debug_frame   0x00000000       0x20 main.o
 .debug_frame   0x00000020       0x50 uart.o

.debug_str      0x00000000       0xf1
 *(.debug_str)
 .debug_str     0x00000000       0x99 main.o
                                 0xcd (size before relaxing)
 .debug_str     0x00000099       0x58 uart.o
                                0x119 (size before relaxing)

.debug_loc
 *(.debug_loc)

.debug_macinfo
 *(.debug_macinfo)
OUTPUT(UART.elf elf32-avr)
LOAD linker stubs

.debug_pubtypes
                0x00000000       0x30
 .debug_pubtypes
                0x00000000       0x12 main.o
 .debug_pubtypes
                0x00000012       0x1e uart.o
